// Vitest Snapshot v1, https://vitest.dev/guide/snapshot.html

exports[`filters 1`] = `
{
  "posts": [
    {
      "author": {
        "id": 1,
        "name": "Alice",
      },
      "id": 1,
      "text": "Oil price rising.",
    },
    {
      "author": {
        "id": 1,
        "name": "Alice",
      },
      "id": 2,
      "text": "Is communism dead yet?",
    },
    {
      "author": {
        "id": 2,
        "name": "Bob",
      },
      "id": 3,
      "text": "Latest COVID news.",
    },
  ],
}
`;

exports[`filters 2`] = `
{
  "posts": [
    {
      "author": {
        "id": 1,
        "name": "Alice",
        "posts": [
          {
            "id": 1,
            "text": "Oil price rising.",
          },
          {
            "id": 2,
            "text": "Is communism dead yet?",
          },
        ],
      },
      "id": 1,
      "text": "Oil price rising.",
    },
    {
      "author": {
        "id": 1,
        "name": "Alice",
        "posts": [
          {
            "id": 1,
            "text": "Oil price rising.",
          },
          {
            "id": 2,
            "text": "Is communism dead yet?",
          },
        ],
      },
      "id": 2,
      "text": "Is communism dead yet?",
    },
    {
      "author": {
        "id": 2,
        "name": "Bob",
        "posts": [
          {
            "id": 3,
            "text": "Latest COVID news.",
          },
        ],
      },
      "id": 3,
      "text": "Latest COVID news.",
    },
  ],
}
`;
